// Jest Snapshot v1, https://goo.gl/fbAQLP

exports[`should render the LogInPage correctly 1`] = `
<div>
  <h2>
    Please Log In
  </h2>
  <button>
    Log In
  </button>
</div>
`;
