// Jest Snapshot v1, https://goo.gl/fbAQLP

exports[`should render NotFoundPage correctly 1`] = `
<div>
  help 404!
  <Link
    replace={false}
    to="/"
  >
     Go Home
  </Link>
</div>
`;
